acpi_match_acpi_device
acpi_platform_resource_count
add_root_smb_session
airspy_set_if_gain
alc236_fixup_hp_mute_led_coefbit2
binder_alloc_shrinker_exit
bio_next_segment
blk_hctx_poll
blk_mq_queue_attr_visible
blk_rq_poll
blk_should_throtl
__bpf_trace_f2fs_issue_reset_zone
__bpf_trace_f2fs_reset_zone
__bpf_trace_xfs_fsmap_linear_class
bq24190_charger_set_charge_type
bq24190_set_otg_vbus
bq24190_write_mask
btintel_reset_to_bootloader
btrfs_set_inode_index_count
btt_map_read
cdrom_ioctl_play_trkind
chacha_init_generic
__check_sit_bitmap
cifs_cfids_laundromat_thread
__cleanup
conn_params_copy
cpu_show_not_affected
crb_wait_for_reg_32
crypto_aegis128_update_a
dev_pm_disable_wake_irq
dev_pm_enable_wake_irq
dma_fence_get_rcu
drm_dp_aux_get_crc
e1000_shift_out_mdi_bits
eeprom_clean
exfat_extract_uni_name
f2fs_handle_critical_error
f2fs_handle_error_async
f2fs_handle_step_decompress
f2fs_handle_stop
f2fs_is_compress_level_valid
f2fs_record_error_work
f2fs_record_stop_reason
f2fs_truncate_data_blocks
f2fs_zone_write_end_io
f81232_set_mask_register
flush_sigqueue_mask
freeze_go_callback
freeze_go_sync
fuse_priv_ioctl
__fw_send_request
fw_send_request
gen12_gt_workarounds_init
get_pages
get_stack_skipnr
gfs2_freeze
gfs2_freeze_locally
gfs2_freeze_lock
gfs2_freeze_lock_shared
gfs2_freeze_super
gfs2_thaw_freeze_initiator
gfs2_thaw_super
gfs2_unfreeze
gsm_dlci_release
gve_driver_exit
gve_driver_init
gvnic_driver_exit
gvnic_driver_init
__hash_conntrack
hash_conntrack
hash_conntrack_raw
hci_conn_params_clear_all
hci_conn_params_free
hci_le_set_rpa_timeout_sync
hci_pend_le_list_add
hci_pend_le_list_del_init
h_lookup
h_remove
hwp_get_cpu_scaling
hybrid_get_cpu_scaling
icl_nhi_force_power
intel_idle_hlt
intel_idle_hlt_irq_on
intel_idle_vminit
__ioat_cleanup
__iommufd_object_destroy_user
iommufd_object_destroy_user
iommufd_object_remove
ipvlan_ht_addr_lookup
jbd2_journal_try_remove_checkpoint
journal_clean_one_cp_list
__kfence_alloc
kfence_alloc_pool
kfence_check_canary_callback
kfence_debugfs_init
__kfence_free
kfence_guarded_alloc
kfence_guarded_free
kfence_handle_page_fault
kfence_init
kfence_init_enable
kfence_init_pool
kfence_init_pool_early
kfence_ksize
kfence_object_start
__kfence_obj_info
kfence_print_object
kfence_print_stack
kfence_report_error
kfence_shutdown_cache
kfence_unprotect
kvm_vcpu_stats_release
kvm_vm_stats_release
lookup_dir_item_inode
loopback_pcm_new
lz4_is_level_valid
max_loop_param_set_int
metadata_update_state
__mmc_rescan
mtdchar_blkpg_ioctl
netdev_sync_upper_features
next_object
nf_tables_exit_batch
nft_set_catchall_gc
nft_setelem_data_deactivate
nft_set_gc_batch_alloc
nft_set_gc_batch_release
nft_set_pktinfo_ipv4_validate
nft_trans_gc_alloc
nft_trans_gc_catchall
nft_trans_gc_destroy
nft_trans_gc_elem_add
nft_trans_gc_queue_async
nft_trans_gc_queue_async_done
nft_trans_gc_queue_sync
nft_trans_gc_queue_sync_done
nft_trans_gc_trans_free
nft_trans_gc_work
ntfs3_label_open
ntfs3_label_show
ntfs3_label_write
ntfs3_volinfo
ntfs3_volinfo_open
ntfs_set_label
nvme_ns_head_chr_uring_cmd_iopoll
nvme_rdma_shutdown_ctrl
nvme_rdma_teardown_io_queues
nvmet_release_p2p_ns_map
objects_open
ovl_fs_params_verify
ovl_parse_param_drop_lowerdir
ovl_parse_param_lowerdir
ovl_parse_param_upperdir
ovl_xino_mode
param_get_sample_interval
param_set_sample_interval
pcan_usb_pro_set_ts
pedit_l4_skb_offset
pep_get_sb
perf_trace_f2fs_issue_reset_zone
perf_trace_f2fs_reset_zone
perf_trace_xfs_fsmap_linear_class
phy_core_exit
phy_shutdown
__probestub_f2fs_queue_reset_zone
__probestub_xfs_fsmap_high_key_linear
__probestub_xfs_fsmap_low_key_linear
pxa27x_change_interface
query_pcm_param
rcu_guarded_free
release_kcore
release_ohci
remap_contiguous_pages
resolve_normal_ct
seq_con_printf
set_cig_params_complete
set_cig_params_sync
shared_ceph_readdir
shared_exfat_iterate
shared_jfs_readdir
shared_ntfs_readdir
shared_ocfs2_readdir
shared_ovl_iterate
show_object
smb2_find_smb_ses_unlocked
smc_copy_sock_settings_to_clc
snd_pcm_oss_read2
sock_do_ioctl
squashfs_get_cache_page
start_object
stats_open
stk1160_ac97_setup
stk1160_alloc_isoc
stk1160_cancel_isoc
stk1160_clear_queue
stk1160_disconnect
stk1160_free_isoc
stk1160_i2c_register
stk1160_i2c_unregister
stk1160_i2c_xfer
stk1160_isoc_irq
stk1160_probe
stk1160_read_reg
stk1160_release
stk1160_select_input
stk1160_set_std
stk1160_try_fmt
stk1160_uninit_isoc
stk1160_usb_driver_exit
stk1160_usb_driver_init
stk1160_vb2_setup
stk1160_video_register
stk1160_write_ac97
stk1160_write_reg
stop_object
__submit_zone_reset_cmd
tb_eeprom_active
__tb_lc_xhci_connect
tb_port_enable_tmu
team_port_set_orig_dev_addr
toggle_allocation_gate
tpm_tis_free_irq_func
tps6598x_block_read
tps6598x_read_power_status
trace_error_report_end
trace_event_raw_event_f2fs_issue_reset_zone
trace_event_raw_event_f2fs_reset_zone
trace_event_raw_event_xfs_fsmap_linear_class
trace_f2fs_queue_reset_zone
__traceiter_f2fs_queue_reset_zone
__traceiter_xfs_fsmap_high_key_linear
__traceiter_xfs_fsmap_low_key_linear
trace_raw_output_f2fs_issue_reset_zone
trace_raw_output_f2fs_reset_zone
trace_raw_output_xfs_fsmap_linear_class
trace_xfs_fsmap_high_key_linear
trace_xfs_fsmap_low_key_linear
truncate_dnode
try_to_register_card
u32_bind_filter
ucsi_unregister_partner
unix_mkname_bsd
virtio_mem_sbm_try_remove_unplugged_mb
virt_to_slab
vli_mod_square_fast
vxlan_gpe_gro_complete
vxlan_gpe_gro_receive
vxlan_gro_prepare_receive
wait_for_mci_complete
wake_up_kfence_timer
wq_cpu_intensive_thresh_init
wrap_directory_iterator
__xfs_getfsmap_rtdev
xfs_getfsmap_rtdev_rtbitmap_query
xfs_validate_ag_length
xsk_generic_xmit
xsk_xmit
xs_read_kvec
zonefs_file_bioset_exit
zonefs_file_bioset_init
zonefs_file_zone_append_dio_bio_end_io
zonefs_file_zone_append_dio_submit_io
zstd_is_level_valid
