alua_support_show
alua_support_store
ap_put
__assign_req_name
ata_dev_power_set_active
ata_dev_power_set_standby
ata_scsi_slave_alloc
__ath6kl_cfg80211_sscan_stop
batadv_backbone_gw_put
batadv_backbone_gw_release
batadv_claim_put
batadv_claim_release
batadv_orig_ifinfo_put
batadv_softif_destroy_vlan
batadv_tp_vars_put
batadv_tvlv_container_put
block_size_show
block_size_store
bond_arp_monitor
bond_arp_rcv
bond_arp_send
bond_arp_send_all
bond_change_active_slave
bond_change_mtu
bond_change_rx_flags
bond_check_dev_link
bond_check_params
bond_close
bond_compute_features
bond_confirm_addr
bond_confirm_addr6
bond_create
bond_create_proc_dir
bond_create_proc_entry
bond_destroy_proc_dir
bond_destructor
bond_dev_queue_xmit
bond_do_fail_over_mac
bond_do_ioctl
bond_enslave
bond_eth_ioctl
bond_ethtool_get_drvinfo
bond_ethtool_get_link_ksettings
bond_ethtool_get_ts_info
bond_fix_features
bond_flow_ip
bond_get_num_tx_queues
bond_get_slave_by_id
bond_get_stats
bond_handle_frame
bond_handle_vlan
bond_hwtstamp_get
bond_hwtstamp_set
bond_info_seq_next
bond_info_seq_show
bond_info_seq_start
bond_info_seq_stop
bonding_exit
bonding_init
bond_init
bond_ipsec_add_sa
bond_ipsec_del_sa
bond_ipsec_offload_ok
bond_lower_state_changed
bond_master_netdev_event
bond_mii_monitor
bond_mode_name
bond_na_rcv
bond_neigh_init
bond_neigh_setup
bond_netdev_event
bond_netdev_notify_work
bond_net_exit_batch
bond_net_init
bond_netpoll_cleanup
bond_netpoll_setup
bond_ns_send
bond_ns_send_all
bond_open
bond_poll_controller
bond_queue_slave_event
bond_rcv_validate
bond_release
__bond_release_one
bond_remove_proc_entry
bond_resend_igmp_join_requests_delayed
bond_rr_gen_slave_id
bond_select_active_slave
bond_select_queue
bond_set_carrier
bond_set_mac_address
bond_set_rx_mode
bond_set_slave_arr
bond_setup
bond_should_notify_peers
bond_siocdevprivate
bond_sk_get_lower_dev
bond_slave_arr_handler
bond_slave_arr_work_rearm
bond_slave_link_status
bond_slave_netdev_event
bond_start_xmit
bond_uninit
bond_update_slave_arr
bond_upper_dev_walk
bond_validate_arp
bond_validate_na
bond_verify_device_path
bond_vlan_rx_add_vid
bond_vlan_rx_kill_vid
bond_work_init_all
bond_xdp
bond_xdp_get_xmit_slave
bond_xdp_set_features
bond_xdp_xmit
bond_xmit_get_slave
__bond_xmit_hash
bond_xmit_hash
bond_xmit_roundrobin_slave_get
__bpf_trace_nvmet_async_event
__bpf_trace_nvmet_req_complete
__bpf_trace_nvmet_req_init
__bpf_trace_xfs_inode_reload_unlinked_bucket
__bpf_trace_xfs_iunlink_reload_next
btintel_firmware_version
btintel_register_devcoredump_support
btintel_reset_to_bootloader
btrfs_dir_llseek
btrfs_rename
btrfs_rename_exchange
btrfs_space_info_free_bytes_may_use
btusb_mtk_uhw_reg_write
ceph_put_cap_snap
cfg80211_cqm_config_free
cleanup_transaction
clone_copy_inline_extent
complete_generic_request
convert_free_space_to_bitmaps
convert_free_space_to_extents
current_mgtime
dax_region_put
dcache_readdir_wrapper
delete_orphan_inode
destroy_rmpp_recv
dma_device_put
dmz_dirty_mblock
dmz_set_chunk_mapping
do_chunk_alloc
do_convert_inline_dir
do_free_extent_accounting
emulate_3pc_show
emulate_3pc_store
emulate_caw_show
emulate_caw_store
emulate_dpo_show
emulate_dpo_store
emulate_fua_read_show
emulate_fua_read_store
emulate_fua_write_show
emulate_fua_write_store
emulate_model_alias_show
emulate_model_alias_store
emulate_pr_show
emulate_pr_store
emulate_rest_reord_show
emulate_rest_reord_store
emulate_rsoc_show
emulate_rsoc_store
emulate_tas_show
emulate_tas_store
emulate_tpu_show
emulate_tpu_store
emulate_tpws_show
emulate_tpws_store
emulate_ua_intlck_ctrl_show
emulate_ua_intlck_ctrl_store
emulate_write_cache_show
emulate_write_cache_store
enforce_pr_isids_show
enforce_pr_isids_store
errno_to_nvme_status
f2fs_move_inline_dirents
fcloop_tfcp_req_put
_ff_layout_free_lseg
fill_mg_cmtime
find_free_extent_update_loop
flush_lazy_signals
force_pr_aptpl_show
force_pr_aptpl_store
__free_dev_dax_id
free_dev_dax_id
fuse_fill_write_pages
fuse_readdir_cached
gfs2_holder_wake
gsm_dlci_release
gss_free
h5_peer_reset
hidpp10_query_battery_status
hidpp20_query_adc_measurement_info_1f20
hidpp_connect_event
hw_block_size_show
hw_max_sectors_show
hw_pi_prot_type_show
hw_queue_depth_show
ib_umad_dev_put
ieee80211_rx_mgmt_assoc_resp
intel_atomic_global_state_put
is_nonrot_show
is_nonrot_store
l2down_raw
le_scan_restart_sync
manage_runtime_start_stop_show
manage_runtime_start_stop_store
manage_start_stop_store
manage_system_start_stop_show
manage_system_start_stop_store
max_unmap_block_desc_count_show
max_unmap_block_desc_count_store
max_unmap_lba_count_show
max_unmap_lba_count_store
max_write_same_len_show
max_write_same_len_store
maybe_insert_hole
mkiss_put
mptcp_reset_timeout
mptcp_reset_tout_timer
__mptcp_subflow_error_report
mptcp_timeout_timer
mptcp_tout_timer
neigh_cleanup_and_release
nfc_llcp_sock_put
nfs_free_delegation
nsim_fib4_rt_destroy
nsim_rt6_release
ntfs_commit_pages_after_write
nvme_put_subsystem
nvme_rdma_free_queue
nvmet_add_async_event
nvmet_alloc_ctrl
nvmet_async_event_work
nvmet_check_ctrl_status
nvmet_check_data_len_lte
nvmet_check_transfer_len
nvmet_confirm_sq
nvmet_copy_from_sgl
nvmet_copy_to_sgl
nvmet_cq_setup
nvmet_ctrl_fatal_error
nvmet_ctrl_find_get
nvmet_ctrl_put
nvmet_destroy_namespace
nvmet_disable_port
nvmet_enable_port
nvmet_execute_abort
nvmet_execute_async_event
nvmet_execute_disc_get_features
nvmet_execute_disc_get_log_page
nvmet_execute_disc_identify
nvmet_execute_disc_set_features
nvmet_execute_get_features
nvmet_execute_get_log_page
nvmet_execute_identify
nvmet_execute_keep_alive
nvmet_execute_set_features
nvmet_exit
nvmet_exit_discovery
nvmet_fatal_error_handler
nvmet_fc_tgtport_put
nvmet_find_get_subsys
nvmet_format_discovery_entry
nvmet_get_feat_async_event
nvmet_get_feat_kato
nvmet_get_log_page_len
nvmet_get_log_page_offset
nvmet_host_allowed
nvmet_init
nvmet_init_discovery
nvmet_keep_alive_timer
nvmet_ns_alloc
nvmet_ns_changed
nvmet_ns_disable
nvmet_ns_enable
nvmet_ns_free
nvmet_ns_revalidate
nvmet_parse_admin_cmd
nvmet_parse_discovery_cmd
nvmet_port_del_ctrls
nvmet_port_disc_changed
nvmet_port_send_ana_event
nvmet_put_namespace
nvmet_referral_disable
nvmet_referral_enable
nvmet_register_transport
nvmet_release_p2p_ns_map
nvmet_report_invalid_opcode
nvmet_req_alloc_sgls
__nvmet_req_complete
nvmet_req_complete
nvmet_req_find_ns
nvmet_req_free_sgls
nvmet_req_init
nvmet_req_uninit
nvmet_send_ana_event
nvmet_set_feat_async_event
nvmet_set_feat_kato
nvmet_sq_destroy
nvmet_sq_free
nvmet_sq_init
nvmet_sq_setup
nvmet_start_keep_alive_timer
nvmet_stop_keep_alive_timer
nvmet_subsys_alloc
nvmet_subsys_del_ctrls
nvmet_subsys_disc_changed
nvmet_subsys_free
nvmet_subsys_put
nvmet_unregister_transport
nvmet_update_cc
nvmet_zero_sgl
ocfs2_write_begin_inline
optimal_sectors_show
optimal_sectors_store
perf_trace_nvmet_async_event
perf_trace_nvmet_req_complete
perf_trace_nvmet_req_init
perf_trace_xfs_inode_reload_unlinked_bucket
perf_trace_xfs_iunlink_reload_next
pgr_support_show
pgr_support_store
pi_prot_format_show
pi_prot_format_store
pi_prot_type_show
pi_prot_type_store
pi_prot_verify_show
pi_prot_verify_store
prepare_compress_overwrite
__probestub_nvmet_async_event
__probestub_nvmet_req_complete
__probestub_nvmet_req_init
__probestub_smb3_smbd_connect_done
__probestub_smb3_smbd_connect_err
__probestub_xfs_inode_reload_unlinked_bucket
__probestub_xfs_iunlink_reload_next
psock_now_avail
put_generic_request
put_gid_entry
put_watch
qgroup_account_snapshot
qrtr_port_put
queue_depth_show
queue_depth_store
rds_transition_frwr_state
read_inline_extent
remove_ticket_handler
rollback_verity
run_delayed_extent_op
__rxe_destroy_mcg
slave_kobj_release
slave_last_rx
squashfs_get_cache_page
syncobj_eventfd_entry_free
target_check_inquiry_data
target_core_alua_create_lu_gp
target_core_alua_create_tg_pt_gp
target_core_alua_drop_lu_gp
target_core_alua_drop_tg_pt_gp
target_core_alua_lu_gp_release
target_core_alua_tg_pt_gp_release
target_core_call_addhbatotarget
target_core_call_delhbafromtarget
target_core_deregister_fabric
target_core_dev_release
target_core_drop_subdev
target_core_exit_configfs
target_core_get_fabric
target_core_hba_release
target_core_init_configfs
target_core_item_dbroot_show
target_core_item_dbroot_store
target_core_item_version_show
target_core_make_subdev
target_core_register_fabric
target_core_stat_mkdir
target_core_stat_rmdir
target_default_get_cmd_state
target_default_get_inst_index
target_default_sess_get_index
target_depend_item
target_dev_alias_show
target_dev_alias_store
target_dev_alua_lu_gp_show
target_dev_alua_lu_gp_store
target_dev_control_store
target_dev_enable_show
target_dev_enable_store
target_dev_info_show
target_dev_lba_map_show
target_dev_lba_map_store
target_dev_udev_path_show
target_dev_udev_path_store
target_disable_feature
target_hba_info_show
target_hba_mode_show
target_hba_mode_store
target_init_dbroot
target_lu_gp_lu_gp_id_show
target_lu_gp_lu_gp_id_store
target_lu_gp_members_show
target_pr_res_aptpl_active_show
target_pr_res_aptpl_metadata_show
target_pr_res_aptpl_metadata_store
target_pr_res_holder_show
target_pr_res_pr_all_tgt_pts_show
target_pr_res_pr_generation_show
target_pr_res_pr_holder_tg_port_show
target_pr_res_pr_registered_i_pts_show
target_pr_res_pr_type_show
target_pr_res_type_show
target_register_template
target_set_default_node_attributes
target_setup_backend_cits
target_tg_pt_gp_alua_access_state_show
target_tg_pt_gp_alua_access_state_store
target_tg_pt_gp_alua_access_status_show
target_tg_pt_gp_alua_access_status_store
target_tg_pt_gp_alua_access_type_show
target_tg_pt_gp_alua_access_type_store
target_tg_pt_gp_alua_support_active_nonoptimized_show
target_tg_pt_gp_alua_support_active_nonoptimized_store
target_tg_pt_gp_alua_support_active_optimized_show
target_tg_pt_gp_alua_support_active_optimized_store
target_tg_pt_gp_alua_support_lba_dependent_show
target_tg_pt_gp_alua_support_lba_dependent_store
target_tg_pt_gp_alua_support_offline_show
target_tg_pt_gp_alua_support_offline_store
target_tg_pt_gp_alua_support_standby_show
target_tg_pt_gp_alua_support_standby_store
target_tg_pt_gp_alua_support_transitioning_show
target_tg_pt_gp_alua_support_transitioning_store
target_tg_pt_gp_alua_support_unavailable_show
target_tg_pt_gp_alua_support_unavailable_store
target_tg_pt_gp_alua_write_metadata_show
target_tg_pt_gp_alua_write_metadata_store
target_tg_pt_gp_implicit_trans_secs_show
target_tg_pt_gp_implicit_trans_secs_store
target_tg_pt_gp_members_show
target_tg_pt_gp_nonop_delay_msecs_show
target_tg_pt_gp_nonop_delay_msecs_store
target_tg_pt_gp_preferred_show
target_tg_pt_gp_preferred_store
target_tg_pt_gp_tg_pt_gp_id_show
target_tg_pt_gp_tg_pt_gp_id_store
target_tg_pt_gp_trans_delay_msecs_show
target_tg_pt_gp_trans_delay_msecs_store
target_undepend_item
target_unregister_template
target_wwn_company_id_show
target_wwn_company_id_store
target_wwn_product_id_show
target_wwn_product_id_store
target_wwn_revision_show
target_wwn_revision_store
target_wwn_vendor_id_show
target_wwn_vendor_id_store
target_wwn_vpd_assoc_logical_unit_show
target_wwn_vpd_assoc_scsi_target_device_show
target_wwn_vpd_assoc_target_port_show
target_wwn_vpd_protocol_identifier_show
target_wwn_vpd_unit_serial_show
target_wwn_vpd_unit_serial_store
tcon_info_alloc
tconInfoAlloc
team_add_slave
team_change_carrier
__team_change_mode
team_change_mtu
team_change_rx_flags
team_close
__team_compute_features
team_del_slave
team_destructor
team_device_event
team_dummy_receive
team_dummy_transmit
team_ethtool_get_drvinfo
team_ethtool_get_link_ksettings
team_fix_features
team_get_num_rx_queues
team_get_num_tx_queues
team_get_stats64
team_handle_frame
team_init
team_mcast_rejoin_count_get
team_mcast_rejoin_count_set
team_mcast_rejoin_interval_get
team_mcast_rejoin_interval_set
team_mcast_rejoin_work
team_modeop_port_change_dev_addr
team_modeop_port_enter
team_mode_option_get
team_mode_option_set
team_mode_register
team_mode_unregister
team_module_exit
team_module_init
team_netpoll_cleanup
team_netpoll_setup
team_newlink
team_nl_cmd_noop
team_nl_cmd_options_get
team_nl_cmd_options_set
team_nl_cmd_port_list_get
team_nl_fill_one_port_get
team_nl_fini
team_nl_send_multicast
team_nl_send_options_get
team_nl_send_port_list_get
team_nl_send_unicast
team_nl_team_put
team_notify_peers_count_get
team_notify_peers_count_set
team_notify_peers_interval_get
team_notify_peers_interval_set
team_notify_peers_work
team_open
team_option_inst_set_change
__team_options_change_check
team_options_change_check
team_options_register
__team_options_unregister
team_options_unregister
team_poll_controller
team_port_add
team_port_change_check
__team_port_change_send
team_port_del
team_port_disable
team_port_enable
team_port_en_option_get
team_port_en_option_set
team_port_leave
team_port_set_orig_dev_addr
team_port_set_team_dev_addr
team_priority_option_get
team_priority_option_set
team_queue_id_option_get
team_queue_id_option_set
team_queue_override_port_add
team_queue_override_port_change_queue_id
team_queue_override_port_prio_changed
team_select_queue
team_set_mac_address
team_set_rx_mode
team_setup
team_uninit
team_user_linkup_en_option_get
team_user_linkup_en_option_set
team_user_linkup_option_get
team_user_linkup_option_set
team_validate
team_vlan_rx_add_vid
team_vlan_rx_kill_vid
team_xmit
thin_put
trace_event_raw_event_nvmet_async_event
trace_event_raw_event_nvmet_req_complete
trace_event_raw_event_nvmet_req_init
trace_event_raw_event_xfs_inode_reload_unlinked_bucket
trace_event_raw_event_xfs_iunlink_reload_next
__traceiter_nvmet_async_event
__traceiter_nvmet_req_complete
__traceiter_nvmet_req_init
__traceiter_smb3_smbd_connect_done
__traceiter_smb3_smbd_connect_err
__traceiter_xfs_inode_reload_unlinked_bucket
__traceiter_xfs_iunlink_reload_next
trace_nvmet_async_event
trace_nvmet_req_complete
trace_nvmet_req_init
trace_raw_output_nvmet_async_event
trace_raw_output_nvmet_req_complete
trace_raw_output_nvmet_req_init
trace_raw_output_xfs_inode_reload_unlinked_bucket
trace_raw_output_xfs_iunlink_reload_next
trace_smb3_smbd_connect_done
trace_smb3_smbd_connect_err
trace_xfs_discard_extent
trace_xfs_inode_reload_unlinked_bucket
trace_xfs_iunlink_reload_next
truncate_partial_data_page
ubifs_do_bulk_read
unmap_granularity_alignment_show
unmap_granularity_alignment_store
unmap_granularity_show
unmap_granularity_store
unmap_zeroes_data_show
unmap_zeroes_data_store
v9fs_acl_get
v9fs_fid_clone
vmw_compat_ioctl
vmw_detect_version
vmw_device_fini
vmw_driver_open
vmw_driver_unload
vmw_gem_object_create
vmwgfx_pm_notifier
vmwgfx_supported
vmw_master_drop
vmw_master_set
vmw_pci_driver_exit
vmw_pci_driver_init
vmw_pm_freeze
vmw_pm_restore
vmw_pm_resume
vmw_pm_suspend
vmw_postclose
vmw_print_bitmap
vmw_probe
vmw_remove
vmw_request_device
vmw_svga_disable
vmw_svga_enable
vmw_unlocked_ioctl
xfs_cpu_dead
xfs_cpu_hotplug_init
xfs_discard_endio
xfs_discard_endio_work
xfs_discard_extents
xfs_extent_busy_insert_discard
xfs_extent_busy_insert_list
xfs_inodegc_cpu_dead
xfs_inode_reload_unlinked
xfs_inode_reload_unlinked_bucket
xfs_iunlink_reload_next
xfs_trim_gather_extents
xlog_cil_pcp_dead
xlog_discard_endio
xlog_discard_endio_work
xsk_generic_xmit
xsk_xmit
z_erofs_parse_in_bvecs
zswap_pool_current
